[  00000] italizing grp subss ust
[    0.0000] Itiizin crou subsy cpu[   0.00] Initializing cgoususys cpac
    0.000000 Lnux vsin .4.0-9-gerc (buildd@l01-0) ccversn .4.0 201609Ubuntu5.0-6uun1~6.044) #16-Ubunt S Friug1 21:17: UC 2017 (Ubuntu 44.0-3.116-geeric 4..79)
[   0.00000Comanlie: BOOTMA=/bo/vinuz-44.93generic ooLAEL=cudimrootfsroonsolety conlety0
[  000000] KERNEL supoedcpus
  0.0000]  Intl nuneInl[    0.000]   AMDAuheticAD[   0.0000]  CntauCeaurHaus[   0000] x86/fpu: xstatofet[2]:  56,state_sizes[2]:  256
[   000000 x/fpuSuorti XVE fate x01: '87loti pnt risrs'
[    0.0000] x8/f: upportingSAVE ftue x02:SSregier
[   .0000] x8/fu:upporting XSAVE feture 0x0: 'AX giters
[   000000]86fpu:Enle xstate feures 0, ntext izis 82 bes using 'standard' formt.[    0000] x86/puUsng 'az FPU contxt sitchs.
[   00000] 20BIOS-povedphysicl AM mp:
[   .0000] BIOS-e80:[m 000000000000-00000009ff] ab
[    00000 BIOS-e0:[mem0x0000009f0-0x000000000009fff rerve
[   .00000 BIOS-e82: [mm 000000000000-0x00000000fff] served
[    00000 BS-e820: [mem 0000000100000-0x00000fffff] usle
[  000000]IO-e82 [m 0x000003ff00x000000003fffffff]CPdaa
[  00000] BIOS-e80:[mem 000000fffc0000-0x0000ffffffreserve
  0.0000NX (ece Disable) proteio acti
   0.000 SMBS 5 prse.
[    .0000] Hpeisoretted: KVM
[    0.000000] 82: lat_n  0x3fff0 max_arh_fn = 0x40000000
[   0.000] MTRR: Disabled
  0.000000] 86PAT:MTs isabd,kippinPA initilitin to
   0.00000CPU RRall blank - vituizedsyem
[   0.000] x86/PAT: Configuration [0]:B  W  C-C  W    U- UC  
[    0000] un SMP MP-tabl a[memx09fff0-x09fffmaed at [fff800009ff][    00000]Scnig 1 eafor lowmery corruption
[   0.000000] RAMSK [me0xac4000-0x3759fff
  0.0000] CPI: Ealytale checkum riicatn sabled
  0.000000 AI:RSDP 0x00000000E00000024 (02BOX 
   0.0000]CPI:SD0x00003FFF00 0003Cv0VBOX VXXSDT 00001 AS 000061)
[    0.000000] ACPI:FACP 0x000000003FFF00F0 0000F4 (v04 VBOX   VBOXFACP 00000001 ASL  00000061)
[    0.000000] ACPI: DSDT 0x000000003FFF0470 001E0B (v01 VBOX   VBOXBIOS 00000002 INTL 20100528)
[    0.000000] ACPI: FACS 0x000000003FFF0200 000040
[    0.000000] ACPI: FACS 0x000000003FFF0200 000040
[    0.000000] ACPI: APIC 0x000000003FFF0240 00005C (v02 VBOX   VBOXAPIC 00000001 AS  0000061)
[  0000000ACI: ST 000000FF02A000C (v01 VBOX   BOXCUT000002 ITL010528)    0.00] No NUMA configuratonoud
[   00000] Fki anode at [mem 0x0000000000000x000003efff][  0.00000] NODE_DTA0) allcated [mem 0x3ffeb000-0x3ffeffff]
[    0.000000] kvm-clock: Using msrs 4b564d01 and 4b564d00
[    0.000000] kvm-clock: cpu 0, msr 0:3ffe3001, primary cpu clock
[    0.000000] kvmm-coc using ch ofset of 25073126 ccles
[    .0000]locksorce: kvm-lok:ask:xffffffffff ma_cyces 01cd42edf, max_lens 881590548 ns
[   00000] Ze anges:
[   .0000] DMA   [em 0x0000000000001000-0x0000000000ffffff]
[    0.000000]   DMA32    [mem 0x0000000001000000-0x000000003ffeffff]
[    0.000000]   Normal   empty
[    0.000000]   Device   empty
[    0.000000] Movable zoe ar f eh noe
[    0.00000]Early memory node ranges
[    0.000000]   node   0: [mem 0x0000000000001000-0x000000000009efff]
[    0.000000]   node   0: [mem 0x0000000000100000-0x000000003ffeffff]
[    0.000000] Initmem setup node 0 [mem 0x0000000000001000-0000000feffff
[   .0000]CPI: PM-Tir IO Pt:x4008
[   0.0000] APC[0]: apc_d 2,eron 17, addes 0xf000, GI 23
[  00000] PI INTRCVR (s bus_ir 0loal_i 2fl d)[    000000] ACP: NT_SRCVR(bus  b_iq 9 ob_irq9 ghleve
   0.000000]Using CP(MADT) for SM congution information
  0.0000smboot: Allowin 2 CPU, hoplug CUs
[  0.000000 P: Rgierd nosae moy: [mem 00000000-0x0000fff]
  0.00000]M:Regisrenosavemery [mem 0x0009f000-000fff]
  0.000000] PM: Riserednovememo: em 0x00000-0x00eff
[   00000 P Rgistered ose emor [em 000f0000-0x000fffff]
[    0.000000] e820[mem 0x40000-xfffbff]availabl fr PC dvis
[    00000 Boongaravirtulid keeln KVM   0000] clksrce: fied-jiffi: ask:xffffff max_cles0xffffffmaidles:645519021568 n
  0.0000 stup_rc: NRPUS:52 r_cpuskits:51 ncpu_ds n_nod_ids:1
[   0.0000 PERC: mbedded 34 pages/cu ff88003fc00000 s83 r192 d3274 1057
[    00000 PV qspinloc hash table enties: 25 (der: 0, 4096 byte)    0.000000] uilt1 onelsts in Nde order, mobli gropig on  Tota pes 25791
[   0.0000 Polcyon: DMA3
  0.000000] erne command line: BOOIMGE=/boot/vliz-.4.0-93-generi rot=LABEL=cloudimgoos ro conole=tty1 console=ttyS0
[    0.000000] PID hash table entres 4096 (ordr:3, 32768 btes)
[    0.000000] Memry 100724/104820K aaiab (479Kerelcode12K rwda,984K rodta1492 it,1316Kss46396Krervd, 0cmreseve
    0.000 SLUB: HWalign64Orer=0, nObjecs= CUs2,ods=
  0.0000HierarchcaRCU implementation.
[    0.0000] uildimadjutmt f leaf fanot  64.[   0.000000] RCU sticing Usrom R_US512 tor_pu_ids=2.
[   .0000]CUAdjusting gometry orcu_fnot_af=6 ncpu_id2[   .0000] NR_IS:33024 nr_irs:440 16
[   0.000] Consoe:olou V+ 0x25
[    0000000cosole [tty1] enabled
[  0.000 consoe ty0] enabled
[    0.000000] tsc: Detected 2194.918 MHz processor
[   22.844791] Calibrating delay loop (skipped) preset value.. 4389.83 BogoMIPS (lpj=8779672)
[   23.063916] pid_max: default: 32768 minimum: 301
[   23.165180] ACPI: Core revision 20150930
[   23.242193] ACPI: 2 ACPI AML tables successfully acquired and loaded
[   23.337466] Security Framework initialized
[   23.427578] Yama: becoming mindful.
[   23.492519] AppArmor: AppArmor initialized
[   23.545877] Dentry cache hash table entries: 131072 (order: 8, 1048576 bytes)
[   23.738200] Inode-cache hash table entries: 65536 (order: 7, 524288 bytes)
[   23.906627] Mount-cache hash table entries: 2048 (order: 2, 16384 bytes)
[   24.022300] Mountpoint-cache hash table entries: 2048 (order: 2, 16384 bytes)
[   24.161518] Initializing cgroup subsys io
[   24.251369] Initializing cgroup subsys memory
[   24.336575] Initializing cgroup subsys devices
[   24.384205] Initializing cgroup subsys freezer
[   24.480721] Initializing cgroup subsys net_cls
[   24.579311] Initializing cgroup subsys perf_event
[   24.687604] Initializing cgroup subsys net_prio
[   24.791097] Initializing cgroup subsys hugetlb
[   24.897619] Initializing cgroup subsys pids
[   24.995196] CPU: Physical Processor ID: 0
[   25.064576] CPU: Processor Core ID: 0
[   25.145082] mce: CPU supports 0 MCE banks
[   25.242473] Last level iTLB entries: 4KB 1024, 2MB 1024, 4MB 1024
[   25.373137] Last level dTLB entries: 4KB 1024, 2MB 1024, 4MB 1024, 1GB 4
[   25.463053] Freeing SMP alternatives memory: 32K (ffffffff820ba000 - ffffffff820c2000)
[   25.611252] ftrace: allocating 32136 entries in 126 pages
[   25.649869] smpboot: APIC(0) Converting physical 0 to logical package 0
[   25.793761] smpboot: Max logical packages: 1
[   25.889426] ..TIMER: vector=0x30 apic1=0 pin1=2 apic2=-1 pin2=-1
[   26.140081] smpboot: CPU0: Intel(R) Core(TM) i7-4770HQ CPU @ 2.20GHz (family: 0x6, model: 0x46, stepping: 0x1)
[   26.345236] Performance Events: unsupported p6 CPU model 70 no PMU driver, software events only.
[   26.549908] KVM setup paravirtual spinlock
[   26.597831] x86: Booting SMP configuration:
[   26.677858] .... node  #0, CPUs:      #1
[   26.678775] kvm-clock: cpu 1, msr 0:3ffe3041, secondary cpu clock
[   26.680382] mce: CPU supports 0 MCE banks
[   26.682877] x86: Booted up 1 node, 2 CPUs
[   26.697514] smpboot: Total of 2 processors activated (8779.67 BogoMIPS)
[   26.784562] devtmpfs: initialized
[   26.836858] evm: security.selinux
[   26.917502] evm: security.SMACK64
[   27.000523] evm: security.SMACK64EXEC
[   27.069102] evm: security.SMACK64TRANSMUTE
[   27.167615] evm: security.SMACK64MMAP
[   27.247648] evm: security.ima
[   27.311448] evm: security.capability
[   27.380103] clocksource: jiffies: mask: 0xffffffff max_cycles: 0xffffffff, max_idle_ns: 7645041785100000 ns
[   27.587556] futex hash table entries: 512 (order: 3, 32768 bytes)
[   27.644305] pinctrl core: initialized pinctrl subsystem
[   27.645371] RTC time: 22:47:42, date: 01/31/18
[   27.647614] NET: Registered protocol family 16
[   27.658640] cpuidle: using governor ladder
[   27.754883] cpuidle: using governor menu
[   27.790769] PCCT header not found.
[   27.791628] ACPI: bus type PCI registered
[   27.794313] acpiphp: ACPI Hot Plug PCI Controller Driver version: 0.5
[   27.795553] PCI: Using configuration type 1 for base access
[   27.808309] ACPI: Added _OSI(Module Device)
[   27.854236] ACPI: Added _OSI(Processor Device)
[   27.894757] ACPI: Added _OSI(3.0 _SCP Extensions)
[   27.991923] ACPI: Added _OSI(Processor Aggregator Device)
[   28.107115] ACPI: Executed 1 blocks of module-level executable AML code
[   28.262427] ACPI: Interpreter enabled
[   28.282750] ACPI: (supports S0 S5)
[   28.283609] ACPI: Using IOAPIC for interrupt routing
[   28.378558] PCI: Using host bridge windows from ACPI; if necessary, use "pci=nocrs" and report a bug
[   28.594117] ACPI: PCI Root Bridge [PCI0] (domain 0000 [bus 00-ff])
[   28.675535] acpi PNP0A03:00: _OSC: OS supports [ASPM ClockPM Segments MSI]
[   28.731626] acpi PNP0A03:00: _OSC failed (AE_NOT_FOUND); disabling ASPM
[   28.810967] acpi PNP0A03:00: fail to add MMCONFIG information, can't access extended PCI configuration space under this bridge.
[   28.815671] PCI host bridge to bus 0000:00
[   28.816468] pci_bus 0000:00: root bus resource [io  0x0000-0x0cf7 window]
[   28.817612] pci_bus 0000:00: root bus resource [io  0x0d00-0xffff window]
[   28.818796] pci_bus 0000:00: root bus resource [mem 0x000a0000-0x000bffff window]
[   28.820232] pci_bus 0000:00: root bus resource [mem 0x40000000-0xffdfffff window]
[   28.878477] pci_bus 0000:00: root bus resource [bus 00-ff]
[   28.987161] pci 0000:00:01.1: legacy IDE quirk: reg 0x10: [io  0x01f0-0x01f7]
[   29.150181] pci 0000:00:01.1: legacy IDE quirk: reg 0x14: [io  0x03f6]
[   29.302912] pci 0000:00:01.1: legacy IDE quirk: reg 0x18: [io  0x0170-0x0177]
[   29.346326] pci 0000:00:01.1: legacy IDE quirk: reg 0x1c: [io  0x0376]
[   29.367764] ACPI: PCI Interrupt Link [LNKA] (IRQs 5 9 10 11) *0, disabled.
[   29.524352] ACPI: PCI Interrupt Link [LNKB] (IRQs 5 9 10 *11)
[   29.641424] ACPI: PCI Interrupt Link [LNKC] (IRQs 5 9 *10 11)
[   29.764530] ACPI: PCI Interrupt Link [LNKD] (IRQs 5 *9 10 11)
[   29.800284] ACPI: Enabled 2 GPEs in block 00 to 07
[   29.853040] vgaarb: setting as boot device: PCI:0000:00:02.0
[   29.974219] vgaarb: device added: PCI:0000:00:02.0,decodes=io+mem,owns=io+mem,locks=none
[   30.167047] vgaarb: loaded
[   30.217855] vgaarb: bridge control possible 0000:00:02.0
[   30.344519] SCSI subsystem initialized
[   30.412608] ACPI: bus type USB registered
[   30.495734] usbcore: registered new interface driver usbfs
[   30.621467] usbcore: registered new interface driver hub
[   30.741554] usbcore: registered new device driver usb
[   30.852775] PCI: Using ACPI for IRQ routing
[   30.885250] NetLabel: Initializing
[   30.905471] NetLabel:  domain hash size = 128
[   30.906302] NetLabel:  protocols = UNLABELED CIPSOv4
[   30.907271] NetLabel:  unlabeled traffic allowed by default
[   30.908419] amd_nb: Cannot enumerate AMD northbridges
[   30.992826] clocksource: Switched to clocksource kvm-clock
[ 31243]ppmo AArr Filsyemnaed[ 31758]npPn ACPI iit
  31.98891pn P AI:ou 3eves
[   32.468724] clocksource: acpi_pm: mask: 0xffffff max_cycles: 0xffffff, max_idle_ns: 2085701224 ns
[   32.785063] NET: Registered protocol family 2
[   32.932120] TCP established hash table entries: 8192 (order: 4, 65536 bytes)
[   33.043814] TCP bind hash table entries: 8192 (order: 5, 131072 bytes)
[   33.070003] TCP: Hash tables configured (established 8192 bind 8192)
[   33.084572] UDP hash table entries: 512 (order: 2, 16384 bytes)
[   33.085830] UDP-Lite hash table entries: 512 (order: 2, 16384 bytes)
[   33.086977] NET: Registered protocol family 1
[   33.087820] pci 0000:00:00.0: iimiting direct PCI/PCI transfers
[   33.304817] pci 0000:00:01.0: Activating ISA DMA hang workarounds
[   33.586000] Unpacking initramfs...
[   35.187426] Freeing initrd memory: 10840K (ffff880036ac4000 - ffff88003755a000)
[   35.247052] platform rtc_cmos: registered platform RTC device (no PNP device found)
[   35.268394] Scanning for low memory corruption every 60 seconds
[   35.572130] audit: initializing netlink subsys (disabled)
[   35.816388] audit: type=2000 audit(1517438844.592:1): initialized
[   36.074830] Initialise system trusted keyring
[   36.282080] tsc: Refined TSC clocksource calibration: 2195.870 MHz
[   36.283158] clocksource: tsc: mask: 0xffffffffffffffff max_cycles: 0x1fa6f57b7e5, max_idle_ns: 440795260526 ns
[   36.289533] HugeTLB registered 2 MB page size, pre-allocated 0 pages
[   36.290699] zbud: loaded
[   36.290847] VFS: Disk quotas dquot_6.6.0
[   36.290874] VFS: Dquot-cache hash table entries: 512 (order 0, 4096 bytes)
[   36.291075] squashfs: version 4.0 (2009/01/31) Phillip Lougher
[   36.293404] fuse init (API version 7.23)
[   36.293515] Key type big_key registered
[   36.293532] Allocating IMA MOK and blacklist keyrings.
[   36.293710] Key type asymmetric registered
[   36.293716] Asymmetric key parser 'x509' registered
[   36.293747] Block layer SCSI generic (bsg) driver version 0.4 loaded (major 249)
[   36.293766] io scheduler noop registered
[   36.293768] io scheduler deadline registered (default)
[   36.293791] io scheduler cfq registered
[   36.293882] pci_hotplug: PCI Hot Plug PCI Core version: 0.5
[   36.293887] pciehp: PCI Express Hot Plug Controller Driver version: 0.4
[   36.294208] ACPI: AC Adapter [AC] (off-line)
[   36.294257] input: Power Button as /devices/LNXSYSTM:00/LNXPWRBN:00/input/input0
[   36.294260] ACPI  Power uutton [PWRF]
[   36.294325] input: Sleep Button as /devices/LNXSYSTM:00/LNXSLPBN:00/input/input1
[   36.294326] ACPI: Sleep Button [SLPF]
[   36.294454] GHES: HEST is not enabled!
[   36.295435] ACPI: Battery Slot [BAT0] (battery present)
[   36.295504] Serial: 8250/16550 driver, 32 ports, IRQ sharing enabled
[   36.345726] 00:02: ttyS0 at I/O 0x3f8 (irq = 4, base_baud = 115200) is a 16550A
[   36.485165] Linux agggart interface v0.103
[   36.700442] loop: module loaded
[   36.700964] scsi host0: ata_piix
[   36.701010] scsi host1: ata_piix
[   36.701034] ata1: PATA max UDMA/33 cmd 0x1f0 ctl 0x3f6 bmdma 0xd000 irq 14
[   36.701034] ata2: PATA max UDMA/33 cmd 0x170 ctl 0x376 bmdma 0xd008 irq 15
[   36.701099] libphy: Fixed MDIO Bus: probed
[   36.701101] tun: Universal TUN/TAP device driver, 1.6
[   36.701101] tun: (C) 1999-2004 Max Krasnyansky <maxk@qualcomm.com>
[   36.701411] PPP generic driver version 2.4.2
[   36.701469] ehci_hcd: USB 2.0 'Enhanced' Host Controller (EHCI) Driver
[   36.701473] ehci-pci: EHCI PCI platform driver
[   36.701487] ehci-platform: EHCI generic platform driver
[   36.701494] ohci_hcd: USB 1.1 'Open' Host Controller (OHCI) Driver
[   36.701497] ohci-pci: OHCI PCI platform driver
[   36.701504] ohci-platform: OHCI generic platform driver
[   36.701510] uhci_hcd: USB Universal Host Controller Interface driver
[   36.701558] i8042: PNP: PS/2 Controller [PNP0303:PS2K,PNP0f03:PS2M] at 0x60,0x64 irq 1,12
[   36.701987] serio: i8042 KBD port at 0x60,0x64 irq 1
[   36.701990] serio: i8042 AUX port at 0x60,0x64 irq 12
[   36.702070] mousedev: PS/2 mouse device common for all mice
[   36.702339] input: AT Translated Set 2 keyboard as /devices/platform/i8042/serio0/input/input2
[   36.702638] rtc_cmos rtc_cmos: rtc core: registered rtc_cmos as rtc0
[   36.702689] rtc_cmos rtc_cmos: alarms up to one day, 114 bytes nvram
[   36.702695] i2c /dev entries driver
[   36.702741] device-mapper: uevent: version 1.0.3
[   36.702785] device-mapper: ioctl: 4.34.0-ioctl (2015-10-28) initialised: dm-devel@redhat.com
[   36.702797] ledtrig-cpu: registered to indicate activity on CPUs
[   36.703006] NET: Registered protocol family 10
[   36.703140] NET: Registered protocol family 17
[   36.703147] Key type dns_resolver registered
[   36.703258] microcode: CPU0 sig=0x40661, pf=0x40, revision=0x0
[   36.765487] microcode: CPU1 sig=0x40661, pf=0x40, revision=0x0
[   36.765559] microcode: Microcode Update Driver: v2.01 <tigran@aivazian.fsnet.co.uk>, Peter Oruba
[   36.765726] registered taskstats version 1
[   36.765744] Loading compiled-in X.509 certificates
[   36.766377] Loaded X.509 cert 'Build time autogenerated kernel key: a6f98c496ad22cf23b77f8fe21ff88c41791cbd4'
[   36.766396] zswap: loaded using pool lzo/zbud
[   36.767810] Key type trusted registered
[   36.769867] Key type encrypted registered
[   36.769872] AppArmor: AppArmor sha1 policy hashing enabled
[   36.769874] ima: No TPM chip found, activating TPM-bypass!
[   36.769893] evm: HMAC attrs: 0x1
[   36.770170]   Magic number: 2:869:806
[   36.778725] rtc_cmos rtc_cmos: setting system clock to 2018-01-31 22:47:51 UTC (1517438871)
[   36.778821] BIOS EDD facility v0.16 2004-Jun-25, 0 devices found
[   36.778821] EDD information not available.
[   42.960805] Freeing unused kernel memory: 1492K (ffffffff81f45000 - ffffffff820ba000)
[   44.307906] Write protecting the kernel read-only data: 14336k
[   44.427645] Freeing unused kernel memory: 1748K (ffff88000184b000 - ffff880001a00000)
[   44.630705] Freeing unused kernel memory: 112K (ffff880001de4000 - ffff880001e00000)
Loading, please wait...
[   44.818016] random: systemd-udevd: uninitialized urandom read (16 bytes read, 5 bits of entropy available)
starting version[   44.818895] random: udevadm: uninitialized urandom read (16 bytes read, 5 bits of entropy available)
 229
[   44.818939] random: udevadm: uninitialized urandom read (16 bytes read, 5 bits of entropy available)
[   44.819430] random: udevadm: uninitialized urandom read (16 bytes read, 5 bits of entropy available)
[   44.819533] random: udevadm: uninitialized urandom read (16 bytes read, 5 bits of entropy available)
[   44.819709] random: udevadm: uninitialized urandom read (16 bytes read, 5 bits of entropy available)
[   44.819790] random: udevadm: uninitialized urandom read (16 bytes read, 5 bits of entropy available)
[   44.819927] random: udevadm: uninitialized urandom read (16 bytes read, 5 bits of entropy available)
[   44.820235] random: udevadm: uninitialized urandom read (16 bytes read, 5 bits of entropy available)
[   44.820386] random: udevadm: uninitialized urandom read (16 bytes read, 5 bits of entropy available)
[   46.126020] e1000: Intel(R) PRO/1000 Network Driver - version 7.3.21-k8-NAPI
[   46.160279] e1000: Copyright (c) 1999-2006 Intel Corporation.
[   46.197160] Fusion MPT base driver 3.04.20
[   46.294648] Copyright (c) 1999-2008 LSI Corporation
[   46.427167] Fusion MPT SPI Host driver 3.04.20
[   46.440937] AVX version of gcm_enc/dec engaged.
[   46.529143] AES CTR mode by8 optimization enabled
[   46.634679] input: ImExPS/2 Generic Explorer Mouse as /devices/platform/i8042/serio1/input/input4
[   46.861414] e1000 0000:00:03.0 eth0: (PCI:33MHz:32-bit) 02:04:e4:df:e4:d8
[   47.669504] e1000 0000:00:03.0 eth0: Intel(R) PRO/1000 Network Connection
[   48.302116] e1000 0000:00:08.0 eth1: (PCI:33MHz:32-bit) 08:00:27:0c:42:a0
[   48.744668] e1000 0000:00:08.0 eth1: Intel(R) PRO/1000 Network Connection
[   48.929871] e1000 0000:00:03.0 enp0s3: renamed from eth0
[   48.929886] mptbase: ioc0: Initiating bringup
[   49.137704] e1000 0000:00:08.0 enp0s8: renamed from eth1
[   49.418288] floppy0: no floppy controllers found
[   49.497484] ioc0: LSI53C1030 A0: Capabilities={Initiator}
[   49.789664] scsi host2: ioc0: LSI53C1030 A0, FwRev=00000000h, Ports=1, MaxQ=256, IRQ=20
[   50.234006] scsi 2:0:0:0: Direct-Access     VBOX     HARDDISK         1.0  PQ: 0 ANSI: 5
[   50.506058] scsi target2:0:0: Beginning Domain Validation
[   50.518704] scsi target2:0:0: Domain Validation skipping write tests
[   50.533657] scsi target2:0:0: Ending Domain Validation
[   50.694553] scsi target2:0:0: asynchronous
[   50.884996] scsi 2:0:1:0: Direct-Access     VBOX     HARDDISK         1.0  PQ: 0 ANSI: 5
[   51.344505] scsi target2:0:1: Beginning Domain Validation
[   51.599693] scsi target2:0:1: Domain Validation skipping write tests
[   51.614230] scsi target2:0:1: Ending Domain Validation
[   51.635084] scsi target2:0:1: asynchronous
[   51.703404] sd 2:0:0:0: [sda] 20971520 512-byte logical blocks: (10.7 GB/10.0 GiB)
[   51.703471] sd 2:0:0:0: Attached scsi generic sg0 type 0
[   51.786225] sd 2:0:0:0: [sda] Write Protect is off
[   51.913568] sd 2:0:1:0: Attached scsi generic sg1 type 0
[   51.913645] sd 2:0:1:0: [sdb] 20480 512-byte logical blocks: (10.5 MB/10.0 MiB)
[   51.913663] sd 2:0:0:0: [sda] Incomplete mode parameter data
[   51.913664] sd 2:0:0:0: [sda] Assuming drive cache: write through
[   51.913988] sd 2:0:1:0: [sdb] Write Protect is off
[   51.914188] sd 2:0:1:0: [sdb] Incomplete mode parameter data
[   51.914190] sd 2:0:1:0: [sdb] Assuming drive cache: write through
[   51.915381]  sda: sda1
[   51.916056] sd 2:0:0:0: [sda] Attached SCSI disk
[   51.916099] sd 2:0:1:0: [sdb] Attached SCSI disk
Begin: Loading e[   54.669590] md: linear personality registered for level -1
ssential drivers[   54.861281] md: multipath personality registered for level -4
 ... [   54.886965] md: raid0 personality registered for level 0
[   54.909197] md: raid1 personality registered for level 1
[   55.217067] raid6: sse2x1   gen()  9861 MB/s
[   55.405032] raid6: sse2x1   xor()  7999 MB/s
[   55.549086] raid6: sse2x2   gen() 12907 MB/s
[   55.725072] raid6: sse2x2   xor()  8688 MB/s
[   55.913366] raid6: sse2x4   gen() 15241 MB/s
[   56.044846] raid6: sse2x4   xor()  9281 MB/s
[   56.070411] raid6: using algorithm sse2x4 gen() 15241 MB/s
[   56.071666] raid6: .... xor() 9281 MB/s, rmw enabled
[   56.072755] raid6: using ssse3x2 recovery algorithm
[   56.175580] xor: automatically using best checksumming function:
[   56.501613]    avx       : 31511.000 MB/sec
[   56.547548] async_tx: api initialized (async)
[   56.555745] md: raid6 personality registered for level 6
[   56.678831] md: raid5 personality registered for level 5
[   56.797807] md: raid4 personality registered for level 4
[   56.918262] md: raid10 personality registered for level 10
done.
Begin: Running /scripts/init-premount ... done.
Begin: M[   57.079015] Btrfs loaded
ounting root file system ... Begin: Running /scripts/local-top ... done.
Begin: Running /scripts/local-premount ... Scanning for Btrfs filesystems
done.
Warning: fsck no[   57.215068] EXT4-fs (sda1): mounted filesystem with ordered data mode. Opts: (null)
t present, so skipping root file system
done.
Begin: Running /scripts/local-bottom ... done.
Begin: Running /scripts/init-bottom ... done.
[   57.539869] systemd[1]: systemd 229 running in system mode. (+PAM +AUDIT +SELINUX +IMA +APPARMOR +SMACK +SYSVINIT +UTMP +LIBCRYPTSETUP +GCRYPT +GNUTLS +ACL +XZ -LZ4 +SECCOMP +BLKID +ELFUTILS +KMOD -IDN)
[   57.544047] systemd[1]: Detected virtualization oace.
[ 57239]ysmd]:etctedaritecture x864.

Welcome to [1mUbuntu 16.04.3 LTS[0m!

[  516367] syte[1 S htne  <un>.
[   8.90] std[: nitializg achine ID fr rdogerator.
[   5.277] std[]: Istletrsit tcacned le

[   60.030522syem1]Seuputmout biarExutleilFoatFi Sst AtounPoin
[   61407]anm:onocngool s iitlid [[0;32m  OK  [0m] Set up automount Arbitrary Executab...ats File System Automount Point.
[ 61696]ysmd]:Creteslice ysm ic
[[0;32m  OK  [0m] Created slice System Slice.
[ 62044]ysmd1]Litenig on ude Kne Ske
[[0;32m  OK  [0m] Listening on udev Kernel Socket.
[   62.917610] ysmd[1]: Creatd icUs a Ssi Sic
[[0;32m  OK  [0m] Created slice User and Session Slice.
[ 635131]syem1]Rehetaet Swap.
[[0;32m  OK  [0m] Reached target Swap.
[   63.98630] systemd[1]:taedrieresvcf da f nwod S.
[[0;32m  OK  [0m] Started Trigger resolvconf update for networkd DNS.
[   64.769399]ysmd1]: isning oJonaSoet
[[0;32m  OK  [0m] Listening on Journal Socket.
[   66.033812] systemd[1]: Starting Create list of required static device nodes for the current kernel...
         Starting Create list of required st... nodes for the current kernel...
[   66.197352] systemd[1]: Mounting Huge Pages File System...
         Mounting Huge Pages File System...
[   66.653557] systemd[1]: Starting Uncomplicated firewall...
         Starting Uncomplicated firewall...
[   66.701535] systemd[1]: Listening on udev Control Socket.
[[0;32m  OK  [0m] Listening on udev Control Socket.
[  6688146] system[1: Listnig on Journal ck (ev/lg)

[[0;32m  OK  [0m] Listening on Journal Socket (/dev/log).
[ 67386395] ysmd]:reedli steseal2detty.slie.
[[0;32m  OK  [0m] Created slice system-serial\x2dgetty.slice.
[   68.105426] systemd[1]: Starting Set console keymap...
         Starting Set console keymap...
[   68.157414] systemd[1]: Starting Nameserver information manager...
         Starting Nameserver information manager...
[   68.292120] systemd[1]: Listening on LVM2 poll daemon socket.
[[0;32m  OK  [0m] Listening on LVM2 poll daemon socket.
[   68.294429] systemd[1]: Reached target User and Group Name Lookups.
[[0;32m  OK  [0m] Reached target User and Group Name Lookups.
[   68.299350] systemd[1]: Starting Load Kernel Modules...
         [   68.365302] Loading iSCSI transport class v2.0-870.
Starting Load Ke[   68.640223] iscsi: registered transport (tcp)
rnel Modules...
[   68.825037] systemd[1]: Started Forward Password Requests to Wall Directory Watch.
[[0;32m  OK  [0m] Started Forwa[   68.999434] iscsi: registered transport (iser)
rd Password Requests to Wall Directory Watch.
[   69073073] systed[: aced trg Eryedoles

[[0;32m  OK  [0m] Reached target Encrypted Volumes.
[   69.649231] systemd[1]: Mounting POSIX Message Queue File System...
         Mounting POSIX Message Queue File System...
[ 693309] systemd[1]: Listening n Sysg oct.
[[0;32m  OK  [0m] Listening on Syslog Socket.
[ 70227]syem1]Litenig onoualud Sck.
[[0;32m  OK  [0m] Listening on Journal Audit Socket.
[  70.9933] system1]Reche target Slices.
[[0;32m  OK  [0m] Reached target Slices.
[   71.389131] systemd[1]: Starting Remount Root and Kernel File Systems...
         Starting Remount Root and Kernel File Systems...
[   71.498252] systemd[1]: Listening on /dev/initctl Compatibility Named Pipe.
[   71.614121] EXT4-fs (sda1): re-mounted. Opts: (null)
[[0;32m  OK  [0m] Listening on /dev/initctl Compatibility Named Pipe.
[  71.929485]ystemd[1]: Listengn vi-mper evnt daemon FIFOs.

[[0;32m  OK  [0m] Listening on Device-mapper event daemon FIFOs.
[   72.425464] systemd[1]: Starting Journal Service...
         Starting Journal Service...
[   72.529206] systemd[1]: Listening on LVM2 metadata daemon socket.
[[0;32m  OK  [0m] Listening on LVM2 metadata daemon socket.
[   72.585735] systemd[1]: Starting Monitoring of LVM2 mirrors, snapshots etc. using dmeventd or progress polling...
         Starting Monitoring of LVM2 mirrors... dmeventd or progress polling...
[   72.897120] systemd[1]: Mounting Debug File System...
         Mounting Debug File System...
[   73.070303] systemd[1]: Mounted Huge Pages File System.
[[0;32m  OK  [0m] Mounted Huge Pages File System.
[   73.092274] systemd[1]: Mounted POSIX Message Queue File System.
[[0;32m  OK  [0m] Mounted POSIX Message Queue File System.
[   .192 systemd1] Mountd bu File Sysem
[[0;32m  OK  [0m] Mounted Debug File System.
[   3.84] ysmd]:tateJonal Service.
[[0;32m  OK  [0m] Started Journal Service.
[[0;32m  OK  [0m] Started Create list of required sta...ce nodes for the current kernel.
[[0;32m  OK  [0m] Started Uncomplicated firewall.
[[0;32m  OK  [0m] Started Set console keymap.
[[0;32m  OK  [0m] Started Load Kernel Modules.
[[0;32m  OK  [0m] Started Remount Root and Kernel File Systems.
[[0;32m  OK  [0m] Started Nameserver information manager.
[[0;32m  OK  [0m] Started LVM2 metadata daemon.
         Starting Initial cloud-init job (pre-networking)...
         Starting udev Coldplug all Devices...
         Starting Load/Save Random Seed...
         Mounting FUSE Control File System...
         Starting Apply Kernel Variables...
         Starting Create Static Device Nodes in /dev...
         Starting Flush Journal to Persistent Storage...
[[0;32m  OK  [0m] Mounted FUSE Control File System.
[[0;32m  OK  [0m] Started Load/Save Random Seed.
[[0;32m  OK  [0m] Started Monitoring of LVM2 mirrors,...ng dmeventd or progress polling.
[[0;32m  OK  [0m] Started Apply Kernel Variables.
[[0;32m  OK  [0m] Started Create Static Device Nodes in /dev.
[[0;32m  OK  [0m] Started udev Coldplug all Devices.
[[0;32m  OK  [0m] Started Flush Journal to Persistent Storage.
         Starting udev Kernel Device Manager...
[[0;32m  OK  [0m] Started udev Kernel Device Manager.
[[0;32m  OK  [0m] Started Dispatch Password Requests to Console Directory Watch.
[[0;32m  OK  [0m] Reached target Local File Systems (Pre).
[[0;32m  OK  [0m] Reached target Local File Systems.
[   44.556522] cloud-init[441]: Cloud-init v. 0.7.9 running 'init-local' at Wed, 31 Jan 2018 22:48:29 +0000. Up 44.32 seconds.
         Starting Tell Plymouth To Write Out Runtime Data...
         Starting Commit a transient machine-id on disk...
         Starting Set console font and keymap...
         Starting Create Volatile Files and Directories...
         Starting LSB: AppArmor initialization...
[[0;32m  OK  [0m] Started Tell Plymouth To Write Out Runtime Data.
[[0;32m  OK  [0m] Started Commit a transient machine-id on disk.
[[0;32m  OK  [0m] Started Set console font and keymap.
[[0;32m  OK  [0m] Started Create Volatile Files and Directories.
[[0;32m  OK  [0m] Started Initial cloud-init job (pre-networking).
[[0;32m  OK  [0m] Found device /dev/ttyS0.
[[0;32m  OK  [0m] Listening on Load/Save RF Kill Switch Status /dev/rfkill Watch.
[[0;32m  OK  [0m] Reached target Network (Pre).
[[0;32m  OK  [0m] Reached target System Time Synchronized.
         Starting Update UTMP about System Boot/Shutdown...
[[0;32m  OK  [0m] Created slice system-getty.slice.
[[0;32m  OK  [0m] Started Update UTMP about System Boot/Shutdown.
[[0;32m  OK  [0m] Started LSB: AppArmor initialization.
         Starting Raise network interfaces...
[[0;32m  OK  [0m] Started ifup for enp0s3.
[[0;32m  OK  [0m] Started Raise network interfaces.
[[0;32m  OK  [0m] Reached target Network.
         Starting Initial cloud-init job (metadata service crawler)...
[   48.401615] cloud-init[968]: Cloud-init v. 0.7.9 running 'init' at Wed, 31 Jan 2018 22:48:33 +0000. Up 48.00 seconds.
[[0;32m  OK  [0m] Started Initial cloud-init job (metadata service crawler).
[[   48.454443] cloud-init[968]: ci-info: +++++++++++++++++++++++++++++++++++++Net device info++++++++++++++++++++++++++++++++++++++
[   48.511834] cloud-init[968]: ci-info: +--------+-------+---------------------------+---------------+-------+-------------------+
[0;32m  OK  [0m] Reached target Cloud-config availability.
[[   48.511958] cloud-init[968]: ci-info: | Device |   Up  |          Address          |      Mask     | Scope |     Hw-Address    |
[   48.821596] cloud-init[968]: ci-info: +--------+-------+---------------------------+---------------+-------+-------------------+
[0;32m  OK  [0m] Reached target System Initialization.
[[   48.821696] cloud-init[968]: ci-info: |   lo   |  True |         127.0.0.1         |   255.0.0.0   |   .   |         .         |
[   49.070314] cloud-init[968]: ci-info: |   lo   |  True |          ::1/128          |       .       |  host |         .         |
[0;32m  OK  [0m] Started Daily Cleanup of Temporary Directories.
[   49.070463] cloud-init[968]: ci-info: | enp0s3 |  True |         10.0.2.15         | 255.255.255.0 |   .   | 02:04:e4:df:e4:d8 |
[   49.432662] cloud-init[968]: ci-info: | enp0s3 |  True | fe80::4:e4ff:fedf:e4d8/64 |       .       |  link | 02:04:e4:df:e4:d8 |
[   49.433070] cloud-init[968]: ci-info: | enp0s8 | False |             .             |       .       |   .   | 08:00:27:0c:42:a0 |
[[0;32m  OK  [0m] Started ACPI Events Check.
[[   49.433229] cloud-init[968]: ci-info: +--------+-------+---------------------------+---------------+-------+-------------------+
[   49.673340] cloud-init[968]: ci-info: +++++++++++++++++++++++++++Route IPv4 info++++++++++++++++++++++++++++
[0;32m  OK  [0m] Reached target Paths.
[[   49.673461] cloud-init[968]: ci-info: +-------+-------------+----------+---------------+-----------+-------+
[   49.901128] cloud-init[968]: ci-info: | Route | Destination | Gateway  |    Genmask    | Interface | Flags |
[0;32m  OK  [0m] Listening on UUID daemon activation socket.
[   49.901253] cloud-init[968]: ci-info: +-------+-------------+----------+---------------+-----------+-------+
[   50.151346] cloud-init[968]: ci-info: |   0   |   0.0.0.0   | 10.0.2.2 |    0.0.0.0    |   enp0s3  |   UG  |
[   50.151719] cloud-init[968]: ci-info: |   1   |   10.0.2.0  | 0.0.0.0  | 255.255.255.0 |   enp0s3  |   U   |
[   50.151922] cloud-init[968]: ci-info: +-------+-------------+----------+---------------+-----------+-------+
[   50.151991] cloud-init[968]: Generating public/private rsa key pair.
[   50.152084] cloud-init[968]: Your identification has been saved in /etc/ssh/ssh_host_rsa_key.
         Starting LXD - unix socket.
[   50.152122] cloud-init[968]: Your public key has been saved in /etc/ssh/ssh_host_rsa_key.pub.
[   50.532891] cloud-init[968]: The key fingerprint is:
[   50.533425] cloud-init[968]: SHA256:sC/gkwtCRENiU7vuddaG14VgqaszXfOqsoZVHGGPZ/E root@ubuntu-xenial
[[0;32m  OK  [0m] Started Timer to automatically refresh installed snaps.
[   50.533520] cloud-init[968]: The key's randomart image is:
[[0;32m  OK  [0m] Listening on ACPID Listen Socket.
[[   50.796812] cloud-init[968]: +---[RSA 2048]----+
[   50.829448] cloud-init[968]: |o*..   o..       |
[   50.829548] cloud-init[968]: |+ o . ..o +      |
[   50.829687] cloud-init[968]: | . .  o..B E     |
[   50.829820] cloud-init[968]: |.   .  == . .    |
[   50.829959] cloud-init[968]: | . .. o.S  . .   |
[   50.830096] cloud-init[968]: |. .. + .+o. .    |
[0;32m  OK  [0m] Listening on D-Bus System Message Bus Socket.
         [   50.830301] Starting Socket activation for snappy daemon.cloud-init
[968]: |. ..*.o=o+o.     |
[   50.988310] cloud-init[968]: | ..o.B+oo  .     |
[   50.988660] cloud-init[968]: |   .oo=....      |
[[0;32m  OK  [0m] Reached target Network is Online.
[   50.988832] cloud-init[968]: +----[SHA256]-----+
[   51.120379] cloud-init[968]: Generating public/private dsa key pair.
[   51.120627] cloud-init[968]: Your identification has been saved in /etc/ssh/ssh_host_dsa_key.
[   51.120766] cloud-init[968]: Your public key has been saved in /etc/ssh/ssh_host_dsa_key.pub.
[   51.120903] cloud-init[968]: The key fingerprint is:
[   51.121032] cloud-init[968]: SHA256:OhRfLR0VrUi9dDM8oP6Tuj0ZZ2FTL8Jig3QaW66SM7A root@ubuntu-xenial
[   51.121198] cloud-init[968]: The key's randomart image is:
[   51.121332] cloud-init[968]: +---[DSA 1024]----+
[   51.121466] cloud-init[968]: |            .+=o |
[   51.121599] cloud-init[968]: |        o ooo.o=+|
[   51.121735] cloud-init[968]: |      .. Oo+oo +*|
[   51.121867] cloud-init[968]: |    .  o+.*.+ ++.|
[   51.122004] cloud-init[968]: |     o..So + ...o|
[   51.122134] cloud-init[968]: |    E.=..   ...o |
[   51.122268] cloud-init[968]: |      o+     +=  |
[   51.122401] cloud-init[968]: |       .    oo.  |
[   51.122533] cloud-init[968]: |           o...  |
[   51.122678] cloud-init[968]: +----[SHA256]-----+
[   51.122804] cloud-init[968]: Generating public/private ecdsa key pair.
[   51.122938] cloud-init[968]: Your identification has been saved in /etc/ssh/ssh_host_ecdsa_key.
[   51.123072] cloud-init[968]: Your public key has been saved in /etc/ssh/ssh_host_ecdsa_key.pub.
[   51.123206] cloud-init[968]: The key fingerprint is:
[   51.123342] cloud-init[968]: SHA256:8qWp6aXZYkktT2O9bk6bjvKqAk8sbZwxWp5pOMH7fcI root@ubuntu-xenial
[   51.123475] cloud-init[968]: The key's randomart image is:
[   51.123611] cloud-init[968]: +---[ECDSA 256]---+
         Starting iSCSI initiator daemon (iscsid)...
[   51.123745] cloud-init[968]: |                 |
[[0;32m  OK  [0m] Started Daily apt download activities.
[[   51.660887] cloud-init[968]: |                 |
[   51.726066] cloud-init[968]: |.                |
[0;32m  OK  [0m] Started Daily apt upgrade and clean activities.
[[   51.726364] cloud-init[968]: |..+              |
[   51.817509] cloud-init[968]: | X.*  ..S..      |
[   51.817653] cloud-init[968]: |*.%   oo=+.      |
[0;32m  OK  [0m] Reached target Timers.
[   51.818104] cloud-init[968]: | O. o. *=...     |
[   51.954700] cloud-init[968]: |  o. E=O.ooo     |
[   51.954951] cloud-init[968]: |   ..+X=+=*      |
[   51.955087] cloud-init[968]: +----[SHA256]-----+
[   51.955217] cloud-init[968]: Generating public/private ed25519 key pair.
[   51.955356] cloud-init[968]: Your identification has been saved in /etc/ssh/ssh_host_ed25519_key.
[   51.955484] cloud-init[968]: Your public key has been saved in /etc/ssh/ssh_host_ed25519_key.pub.
[   51.955617] cloud-init[968]: The key fingerprint is:
[   51.955749] cloud-init[968]: SHA256:O4jQbCutyrvxLkILGj34wskJptlluZj+99eZ9EyKVsc root@ubuntu-xenial
[   51.955885] cloud-init[968]: The key's randomart image is:
[   51.956057] cloud-init[968]: +--[ED25519 256]--+
[   51.956155] cloud-init[968]: |                 |
[   51.956291] cloud-init[968]: |                 |
[   51.956419] cloud-init[968]: |                 |
[   51.956551] cloud-init[968]: |   o             |
[   51.956683] cloud-init[968]: | o. +.  S    .   |
[   51.956816] cloud-init[968]: |=oo++o . .  o E  |
[   51.956951] cloud-init[968]: |X*=*+.. o  = O   |
[   51.957082] cloud-init[968]: |BBBo. .  .+ = o  |
[   51.957401] cloud-init[968]: |oBB+.. ..o       |
[   51.957493] cloud-init[968]: +----[SHA256]-----+
[[0;32m  OK  [0m] Listening on LXD - unix socket.
[[0;32m  OK  [0m] Listening on Socket activation for snappy daemon.
[[0;32m  OK  [0m] Started iSCSI initiator daemon (iscsid).
         Starting Login to default iSCSI targets...
[[0;32m  OK  [0m] Reached target Sockets.
[[0;32m  OK  [0m] Reached target Basic System.
         Starting Apply the settings specified in cloud-config...
[[0;32m  OK  [0m] Started Regular background program processing daemon.
[[0;32m  OK  [0m] Started Unattended Upgrades Shutdown.
[[0;32m  OK  [0m] Started D-Bus System Message Bus.
         Starting /etc/rc.local Compatibility...
         Starting Accounts Service...
[[0;32m  OK  [0m] Started FUSE filesystem for LXC.
         Starting Login Service...
[[0;32m  OK  [0m] Started Deferred execution scheduler.
[   53.024168] cloud-init[1067]: Generating locales (this might take a while)...
[[0;32m  OK  [0m] Started ACPI event daemon.
[[0;32m  OK  [0m] Started Snappy daemon.
         Starting System Logging Service...
         Starting Auto import assertions from block devices...
         Starting Pollinate to seed the pseudo random number generator...
         Starting LSB: MD monitoring daemon...
         Starting LSB: Record successful boot for GRUB...
         Starting LXD - container startup/shutdown...
[[0;32m  OK  [0m] Started System Logging Service.
[[0;32m  OK  [0m] Started /etc/rc.local Compatibility.
[[0;32m  OK  [0m] Started Auto import assertions from block devices.
[[0;32m  OK  [0m] Started LXD - container startup/shutdown.
[[0;32m  OK  [0m] Started Pollinate to seed the pseudo random number generator.
[[0;32m  OK  [0m] Started Login to default iSCSI targets.
[[0;32m  OK  [0m] Started LSB: MD monitoring daemon.
[[0;32m  OK  [0m] Started LSB: Record successful boot for GRUB.
         Starting Authenticate and Authorize Users to Run Privileged Tasks...
[[0;32m  OK  [0m] Reached target Remote File Systems (Pre).
[[0;32m  OK  [0m] Reached target Remote File Systems.
         Starting LSB: automatic crash report generation...
         Starting Permit User Sessions...
         Starting LSB: VirtualBox Linux Additions...
         Starting LSB: Set the CPU Frequency Scaling governor to "ondemand"...
[   53.877873] cloud-init[1067]:   en_US.UTF-8... done
         Starting LSB: daemon to balance interrupts for SMP systems...
[   53.933591] cloud-init[1067]: Generation complete.
         Starting OpenBSD Secure Shell server...
[[0;32m  OK  [0m] Started OpenBSD Secure Shell server.
[[0;32m  OK  [0m] Started Permit User Sessions.
[[0;32m  OK  [0m] Started Login Service.
[[0;32m  OK  [0m] Started Authenticate and Authorize Users to Run Privileged Tasks.
[[0;32m  OK  [0m] Started Accounts Service.
[[0;32m  OK  [0m] Started LSB: automatic crash report generation.
[[0;32m  OK  [0m] Started LSB: VirtualBox Linux Additions.
[[0;32m  OK  [0m] Started LSB: Set the CPU Frequency Scaling governor to "ondemand".
[[0;32m  OK  [0m] Started LSB: daemon to balance interrupts for SMP systems.
[[0;32m  OK  [0m] Created slice User Slice of ubuntu.
[[0;32m  OK  [0m] Started Session 1 of user ubuntu.
         Starting User Manager for UID 1000...
         Starting Terminate Plymouth Boot Screen...
         Starting Hold until boot process finishes up...
[[0;32m  OK  [0m] Started User Manager for UID 1000.
[[0;32m  OK  [0m] Started Terminate Plymouth Boot Screen.
[[0;32m  OK  [0m] Started Hold until boot process finishes up.
         Stopping OpenBSD Secure Shell server...
         Starting Set console scheme...
[[0;32m  OK  [0m] Started Serial Getty on ttyS0.
[[0;32m  OK  [0m] Started Getty on tty1.
[[0;32m  OK  [0m] Reached target Login Prompts.
[[0;32m  OK  [0m] Stopped OpenBSD Secure Shell server.
[[0;32m  OK  [0m] Started Set console scheme.
         Starting OpenBSD Secure Shell server...
[[0;32m  OK  [0m] Started OpenBSD Secure Shell server.
[[0;32m  OK  [0m] Reached target Multi-User System.
[[0;32m  OK  [0m] Reached target Graphical Interface.
         Starting Update UTMP about System Runlevel Changes...
[[0;32m  OK  [0m] Started Update UTMP about System Runlevel Changes.
[   55.510861] cloud-init[1067]: Cloud-init v. 0.7.9 running 'modules:config' at Wed, 31 Jan 2018 22:48:38 +0000. Up 52.94 seconds.
[[0;32m  OK  [0m] Started Apply the settings specified in cloud-config.
         Starting Execute cloud user/final scripts...
ci-info: no authorized ssh keys fingerprints found for user ubuntu.
<14>Jan 31 22:48:41 ec2: 
<14>Jan 31 22:48:41 ec2: #############################################################
<14>Jan 31 22:48:41 ec2: -----BEGIN SSH HOST KEY FINGERPRINTS-----
<14>Jan 31 22:48:41 ec2: 1024 SHA256:OhRfLR0VrUi9dDM8oP6Tuj0ZZ2FTL8Jig3QaW66SM7A root@ubuntu-xenial (DSA)
<14>Jan 31 22:48:41 ec2: 256 SHA256:8qWp6aXZYkktT2O9bk6bjvKqAk8sbZwxWp5pOMH7fcI root@ubuntu-xenial (ECDSA)
<14>Jan 31 22:48:41 ec2: 256 SHA256:O4jQbCutyrvxLkILGj34wskJptlluZj+99eZ9EyKVsc root@ubuntu-xenial (ED25519)
<14>Jan 31 22:48:41 ec2: 2048 SHA256:sC/gkwtCRENiU7vuddaG14VgqaszXfOqsoZVHGGPZ/E root@ubuntu-xenial (RSA)
<14>Jan 31 22:48:41 ec2: -----END SSH HOST KEY FINGERPRINTS-----
<14>Jan 31 22:48:41 ec2: #############################################################
-----BEGIN SSH HOST KEY KEYS-----
ecdsa-sha2-nistp256 AAAAE2VjZHNhLXNoYTItbmlzdHAyNTYAAAAIbmlzdHAyNTYAAABBBPfgh5wZiWTQVFRpsB0N6N/jDDHblhY33xbe9eGuuBUjWW5YYPyFD6ibXgbUmFFVqK7AVdRClXpSKFDxHrSgCYs= root@ubuntu-xenial
ssh-ed25519 AAAAC3NzaC1lZDI1NTE5AAAAIGgoxOShxHYKgx/nUYkGIgmPvJupCYspdGfYN885KZCF root@ubuntu-xenial
ssh-rsa AAAAB3NzaC1yc2EAAAADAQABAAABAQDaYARXapnv0VNrpmwqo6E13HdTNyf+gK5638y6u2SLtqh8fEMw9zB+neMhyhlj2Eo0MiW9Hm0VekwrIFHCEXku6O/bzae6NycZLFd5VQVEwyFEuPqLRFAQ4qMVEBuQPO8FIWJZLOprMFigTkRKNhRT5qWe3ApMz/UW+IsuqDQQMXfCpF97Tlepo6hf3yiseOALEj2lFOCsx2VgByUa0+fEq5slQ55xKApUU4qFUnqlmGPSj1Q6dTyrbLpbhAUCRAeqnR4XSSznDUEcunIFEfUdohcdZBLUpiNMMtqUtOEsqRWj8ienPlRoJshMYV+6aCpISxL7eB8wPo7iGF9PchHz root@ubuntu-xenial
-----END SSH HOST KEY KEYS-----
[[0;32m  OK  [0m] Started Session 2 of user ubuntu.
[   56.994385] cloud-init[1439]: Cloud-init v. 0.7.9 running 'modules:final' at Wed, 31 Jan 2018 22:48:41 +0000. Up 56.00 seconds.
[   57.117140] cloud-init[1439]: ci-info: no authorized ssh keys fingerprints found for user ubuntu.
[[0;32m  OK  [0m] Started Execute cloud user/final scripts.
[   57.117886] cloud-init[1439]: Cloud-init v. 0.7.9 finished at Wed, 31 Jan 2018 22:48:42 +0000. Datasource DataSourceNoCloud [seed=/dev/sdb][dsmode=net].  Up 56.98 seconds
[[0;32m  OK  [0m] Reached target Cloud-init target.

Ubuntu 16.04.3 LTS ubuntu-xenial ttyS0

ubuntu-xenial login: 